Traceback (most recent call last):
  File "D:\apps\academy-course-creator-app\backend\.venv\Lib\site-packages\sqlalchemy\orm\clsregistry.py", line 516, in _resolve_name
    rval = d[token]
           ~^^^^^^^
  File "D:\apps\academy-course-creator-app\backend\.venv\Lib\site-packages\sqlalchemy\util\_collections.py", line 345, in __missing__
    self[key] = val = self.creator(key)
                      ^^^^^^^^^^^^^^^^^
  File "D:\apps\academy-course-creator-app\backend\.venv\Lib\site-packages\sqlalchemy\orm\clsregistry.py", line 484, in _access_cls
    return self.fallback[key]
           ~~~~~~~~~~~~~^^^^^
KeyError: "'Module'"

The above exception was the direct cause of the following exception:

Traceback (most recent call last):
  File "D:\apps\academy-course-creator-app\backend\.venv\Lib\site-packages\starlette\middleware\errors.py", line 165, in __call__
    await self.app(scope, receive, _send)
  File "D:\apps\academy-course-creator-app\backend\.venv\Lib\site-packages\starlette\middleware\cors.py", line 85, in __call__
    await self.app(scope, receive, send)
  File "D:\apps\academy-course-creator-app\backend\.venv\Lib\site-packages\starlette\middleware\exceptions.py", line 62, in __call__
    await wrap_app_handling_exceptions(self.app, conn)(scope, receive, send)
  File "D:\apps\academy-course-creator-app\backend\.venv\Lib\site-packages\starlette\_exception_handler.py", line 62, in wrapped_app
    raise exc
  File "D:\apps\academy-course-creator-app\backend\.venv\Lib\site-packages\starlette\_exception_handler.py", line 51, in wrapped_app
    await app(scope, receive, sender)
  File "D:\apps\academy-course-creator-app\backend\.venv\Lib\site-packages\starlette\routing.py", line 715, in __call__
    await self.middleware_stack(scope, receive, send)
  File "D:\apps\academy-course-creator-app\backend\.venv\Lib\site-packages\starlette\routing.py", line 735, in app
    await route.handle(scope, receive, send)
  File "D:\apps\academy-course-creator-app\backend\.venv\Lib\site-packages\starlette\routing.py", line 288, in handle
    await self.app(scope, receive, send)
  File "D:\apps\academy-course-creator-app\backend\.venv\Lib\site-packages\starlette\routing.py", line 76, in app
    await wrap_app_handling_exceptions(app, request)(scope, receive, send)
  File "D:\apps\academy-course-creator-app\backend\.venv\Lib\site-packages\starlette\_exception_handler.py", line 62, in wrapped_app
    raise exc
  File "D:\apps\academy-course-creator-app\backend\.venv\Lib\site-packages\starlette\_exception_handler.py", line 51, in wrapped_app
    await app(scope, receive, sender)
  File "D:\apps\academy-course-creator-app\backend\.venv\Lib\site-packages\starlette\routing.py", line 73, in app
    response = await f(request)
               ^^^^^^^^^^^^^^^^
  File "D:\apps\academy-course-creator-app\backend\.venv\Lib\site-packages\fastapi\routing.py", line 301, in app
    raw_response = await run_endpoint_function(
                   ^^^^^^^^^^^^^^^^^^^^^^^^^^^^
  File "D:\apps\academy-course-creator-app\backend\.venv\Lib\site-packages\fastapi\routing.py", line 214, in run_endpoint_function
    return await run_in_threadpool(dependant.call, **values)
           ^^^^^^^^^^^^^^^^^^^^^^^^^^^^^^^^^^^^^^^^^^^^^^^^^
  File "D:\apps\academy-course-creator-app\backend\.venv\Lib\site-packages\starlette\concurrency.py", line 39, in run_in_threadpool
    return await anyio.to_thread.run_sync(func, *args)
           ^^^^^^^^^^^^^^^^^^^^^^^^^^^^^^^^^^^^^^^^^^^
  File "D:\apps\academy-course-creator-app\backend\.venv\Lib\site-packages\anyio\to_thread.py", line 56, in run_sync
    return await get_async_backend().run_sync_in_worker_thread(
           ^^^^^^^^^^^^^^^^^^^^^^^^^^^^^^^^^^^^^^^^^^^^^^^^^^^^
  File "D:\apps\academy-course-creator-app\backend\.venv\Lib\site-packages\anyio\_backends\_asyncio.py", line 2405, in run_sync_in_worker_thread
    return await future
           ^^^^^^^^^^^^
  File "D:\apps\academy-course-creator-app\backend\.venv\Lib\site-packages\anyio\_backends\_asyncio.py", line 914, in run
    result = context.run(func, *args)
             ^^^^^^^^^^^^^^^^^^^^^^^^
  File "D:\apps\academy-course-creator-app\backend\app\api\routes\login.py", line 31, in login_access_token
    user = crud.authenticate(
           ^^^^^^^^^^^^^^^^^^
  File "D:\apps\academy-course-creator-app\backend\app\crud.py", line 40, in authenticate
    db_user = get_user_by_email(session=session, email=email)
              ^^^^^^^^^^^^^^^^^^^^^^^^^^^^^^^^^^^^^^^^^^^^^^^
  File "D:\apps\academy-course-creator-app\backend\app\crud.py", line 35, in get_user_by_email
    session_user = session.exec(statement).first()
                   ^^^^^^^^^^^^^^^^^^^^^^^
  File "D:\apps\academy-course-creator-app\backend\.venv\Lib\site-packages\sqlmodel\orm\session.py", line 66, in exec
    results = super().execute(
              ^^^^^^^^^^^^^^^^
  File "D:\apps\academy-course-creator-app\backend\.venv\Lib\site-packages\sqlalchemy\orm\session.py", line 2362, in execute
    return self._execute_internal(
           ^^^^^^^^^^^^^^^^^^^^^^^
  File "D:\apps\academy-course-creator-app\backend\.venv\Lib\site-packages\sqlalchemy\orm\session.py", line 2247, in _execute_internal
    result: Result[Any] = compile_state_cls.orm_execute_statement(
                          ^^^^^^^^^^^^^^^^^^^^^^^^^^^^^^^^^^^^^^^^
  File "D:\apps\academy-course-creator-app\backend\.venv\Lib\site-packages\sqlalchemy\orm\context.py", line 305, in orm_execute_statement
    result = conn.execute(
             ^^^^^^^^^^^^^
  File "D:\apps\academy-course-creator-app\backend\.venv\Lib\site-packages\sqlalchemy\engine\base.py", line 1418, in execute
    return meth(
           ^^^^^
  File "D:\apps\academy-course-creator-app\backend\.venv\Lib\site-packages\sqlalchemy\sql\elements.py", line 515, in _execute_on_connection
    return connection._execute_clauseelement(
           ^^^^^^^^^^^^^^^^^^^^^^^^^^^^^^^^^^
  File "D:\apps\academy-course-creator-app\backend\.venv\Lib\site-packages\sqlalchemy\engine\base.py", line 1632, in _execute_clauseelement
    compiled_sql, extracted_params, cache_hit = elem._compile_w_cache(
                                                ^^^^^^^^^^^^^^^^^^^^^^
  File "D:\apps\academy-course-creator-app\backend\.venv\Lib\site-packages\sqlalchemy\sql\elements.py", line 703, in _compile_w_cache
    compiled_sql = self._compiler(
                   ^^^^^^^^^^^^^^^
  File "D:\apps\academy-course-creator-app\backend\.venv\Lib\site-packages\sqlalchemy\sql\elements.py", line 316, in _compiler
    return dialect.statement_compiler(dialect, self, **kw)
           ^^^^^^^^^^^^^^^^^^^^^^^^^^^^^^^^^^^^^^^^^^^^^^^
  File "D:\apps\academy-course-creator-app\backend\.venv\Lib\site-packages\sqlalchemy\sql\compiler.py", line 1429, in __init__
    Compiled.__init__(self, dialect, statement, **kwargs)
  File "D:\apps\academy-course-creator-app\backend\.venv\Lib\site-packages\sqlalchemy\sql\compiler.py", line 870, in __init__
    self.string = self.process(self.statement, **compile_kwargs)
                  ^^^^^^^^^^^^^^^^^^^^^^^^^^^^^^^^^^^^^^^^^^^^^^
  File "D:\apps\academy-course-creator-app\backend\.venv\Lib\site-packages\sqlalchemy\sql\compiler.py", line 915, in process
    return obj._compiler_dispatch(self, **kwargs)
           ^^^^^^^^^^^^^^^^^^^^^^^^^^^^^^^^^^^^^^
  File "D:\apps\academy-course-creator-app\backend\.venv\Lib\site-packages\sqlalchemy\sql\visitors.py", line 141, in _compiler_dispatch
    return meth(self, **kw)  # type: ignore  # noqa: E501
           ^^^^^^^^^^^^^^^^
  File "D:\apps\academy-course-creator-app\backend\.venv\Lib\site-packages\sqlalchemy\sql\compiler.py", line 4679, in visit_select
    compile_state = select_stmt._compile_state_factory(
                    ^^^^^^^^^^^^^^^^^^^^^^^^^^^^^^^^^^^
  File "D:\apps\academy-course-creator-app\backend\.venv\Lib\site-packages\sqlalchemy\sql\base.py", line 683, in create_for_statement
    return klass.create_for_statement(statement, compiler, **kw)
           ^^^^^^^^^^^^^^^^^^^^^^^^^^^^^^^^^^^^^^^^^^^^^^^^^^^^^
  File "D:\apps\academy-course-creator-app\backend\.venv\Lib\site-packages\sqlalchemy\orm\context.py", line 1110, in create_for_statement
    _QueryEntity.to_compile_state(
  File "D:\apps\academy-course-creator-app\backend\.venv\Lib\site-packages\sqlalchemy\orm\context.py", line 2565, in to_compile_state
    _MapperEntity(
  File "D:\apps\academy-course-creator-app\backend\.venv\Lib\site-packages\sqlalchemy\orm\context.py", line 2645, in __init__
    entity._post_inspect
  File "D:\apps\academy-course-creator-app\backend\.venv\Lib\site-packages\sqlalchemy\util\langhelpers.py", line 1253, in __get__
    obj.__dict__[self.__name__] = result = self.fget(obj)
                                           ^^^^^^^^^^^^^^
  File "D:\apps\academy-course-creator-app\backend\.venv\Lib\site-packages\sqlalchemy\orm\mapper.py", line 2711, in _post_inspect
    self._check_configure()
  File "D:\apps\academy-course-creator-app\backend\.venv\Lib\site-packages\sqlalchemy\orm\mapper.py", line 2388, in _check_configure
    _configure_registries({self.registry}, cascade=True)
  File "D:\apps\academy-course-creator-app\backend\.venv\Lib\site-packages\sqlalchemy\orm\mapper.py", line 4204, in _configure_registries
    _do_configure_registries(registries, cascade)
  File "D:\apps\academy-course-creator-app\backend\.venv\Lib\site-packages\sqlalchemy\orm\mapper.py", line 4245, in _do_configure_registries
    mapper._post_configure_properties()
  File "D:\apps\academy-course-creator-app\backend\.venv\Lib\site-packages\sqlalchemy\orm\mapper.py", line 2405, in _post_configure_properties
    prop.init()
  File "D:\apps\academy-course-creator-app\backend\.venv\Lib\site-packages\sqlalchemy\orm\interfaces.py", line 584, in init
    self.do_init()
  File "D:\apps\academy-course-creator-app\backend\.venv\Lib\site-packages\sqlalchemy\orm\relationships.py", line 1642, in do_init
    self._setup_entity()
  File "D:\apps\academy-course-creator-app\backend\.venv\Lib\site-packages\sqlalchemy\orm\relationships.py", line 1854, in _setup_entity
    self._clsregistry_resolve_name(argument)(),
    ^^^^^^^^^^^^^^^^^^^^^^^^^^^^^^^^^^^^^^^^^^
  File "D:\apps\academy-course-creator-app\backend\.venv\Lib\site-packages\sqlalchemy\orm\clsregistry.py", line 520, in _resolve_name
    self._raise_for_name(name, err)
  File "D:\apps\academy-course-creator-app\backend\.venv\Lib\site-packages\sqlalchemy\orm\clsregistry.py", line 501, in _raise_for_name
    raise exc.InvalidRequestError(
sqlalchemy.exc.InvalidRequestError: When initializing mapper Mapper[Lesson(lesson)], expression "'Module'" failed to locate a name ("'Module'"). If this is a class name, consider adding this relationship() to the <class 'app.models.Lesson'> class after both dependent classes have been defined.
Traceback (most recent call last):
  File "D:\apps\academy-course-creator-app\backend\.venv\Lib\site-packages\sqlalchemy\orm\clsregistry.py", line 516, in _resolve_name
    rval = d[token]
           ~^^^^^^^
  File "D:\apps\academy-course-creator-app\backend\.venv\Lib\site-packages\sqlalchemy\util\_collections.py", line 345, in __missing__
    self[key] = val = self.creator(key)
                      ^^^^^^^^^^^^^^^^^
  File "D:\apps\academy-course-creator-app\backend\.venv\Lib\site-packages\sqlalchemy\orm\clsregistry.py", line 484, in _access_cls
    return self.fallback[key]
           ~~~~~~~~~~~~~^^^^^
KeyError: "'Course'"

The above exception was the direct cause of the following exception:

Traceback (most recent call last):
  File "D:\apps\academy-course-creator-app\backend\.venv\Lib\site-packages\starlette\middleware\errors.py", line 165, in __call__
    await self.app(scope, receive, _send)
  File "D:\apps\academy-course-creator-app\backend\.venv\Lib\site-packages\starlette\middleware\cors.py", line 85, in __call__
    await self.app(scope, receive, send)
  File "D:\apps\academy-course-creator-app\backend\.venv\Lib\site-packages\starlette\middleware\exceptions.py", line 62, in __call__
    await wrap_app_handling_exceptions(self.app, conn)(scope, receive, send)
  File "D:\apps\academy-course-creator-app\backend\.venv\Lib\site-packages\starlette\_exception_handler.py", line 62, in wrapped_app
    raise exc
  File "D:\apps\academy-course-creator-app\backend\.venv\Lib\site-packages\starlette\_exception_handler.py", line 51, in wrapped_app
    await app(scope, receive, sender)
  File "D:\apps\academy-course-creator-app\backend\.venv\Lib\site-packages\starlette\routing.py", line 715, in __call__
    await self.middleware_stack(scope, receive, send)
  File "D:\apps\academy-course-creator-app\backend\.venv\Lib\site-packages\starlette\routing.py", line 735, in app
    await route.handle(scope, receive, send)
  File "D:\apps\academy-course-creator-app\backend\.venv\Lib\site-packages\starlette\routing.py", line 288, in handle
    await self.app(scope, receive, send)
  File "D:\apps\academy-course-creator-app\backend\.venv\Lib\site-packages\starlette\routing.py", line 76, in app
    await wrap_app_handling_exceptions(app, request)(scope, receive, send)
  File "D:\apps\academy-course-creator-app\backend\.venv\Lib\site-packages\starlette\_exception_handler.py", line 62, in wrapped_app
    raise exc
  File "D:\apps\academy-course-creator-app\backend\.venv\Lib\site-packages\starlette\_exception_handler.py", line 51, in wrapped_app
    await app(scope, receive, sender)
  File "D:\apps\academy-course-creator-app\backend\.venv\Lib\site-packages\starlette\routing.py", line 73, in app
    response = await f(request)
               ^^^^^^^^^^^^^^^^
  File "D:\apps\academy-course-creator-app\backend\.venv\Lib\site-packages\fastapi\routing.py", line 301, in app
    raw_response = await run_endpoint_function(
                   ^^^^^^^^^^^^^^^^^^^^^^^^^^^^
  File "D:\apps\academy-course-creator-app\backend\.venv\Lib\site-packages\fastapi\routing.py", line 214, in run_endpoint_function
    return await run_in_threadpool(dependant.call, **values)
           ^^^^^^^^^^^^^^^^^^^^^^^^^^^^^^^^^^^^^^^^^^^^^^^^^
  File "D:\apps\academy-course-creator-app\backend\.venv\Lib\site-packages\starlette\concurrency.py", line 39, in run_in_threadpool
    return await anyio.to_thread.run_sync(func, *args)
           ^^^^^^^^^^^^^^^^^^^^^^^^^^^^^^^^^^^^^^^^^^^
  File "D:\apps\academy-course-creator-app\backend\.venv\Lib\site-packages\anyio\to_thread.py", line 56, in run_sync
    return await get_async_backend().run_sync_in_worker_thread(
           ^^^^^^^^^^^^^^^^^^^^^^^^^^^^^^^^^^^^^^^^^^^^^^^^^^^^
  File "D:\apps\academy-course-creator-app\backend\.venv\Lib\site-packages\anyio\_backends\_asyncio.py", line 2405, in run_sync_in_worker_thread
    return await future
           ^^^^^^^^^^^^
  File "D:\apps\academy-course-creator-app\backend\.venv\Lib\site-packages\anyio\_backends\_asyncio.py", line 914, in run
    result = context.run(func, *args)
             ^^^^^^^^^^^^^^^^^^^^^^^^
  File "D:\apps\academy-course-creator-app\backend\app\api\routes\login.py", line 31, in login_access_token
    user = crud.authenticate(
           ^^^^^^^^^^^^^^^^^^
  File "D:\apps\academy-course-creator-app\backend\app\crud.py", line 40, in authenticate
    db_user = get_user_by_email(session=session, email=email)
              ^^^^^^^^^^^^^^^^^^^^^^^^^^^^^^^^^^^^^^^^^^^^^^^
  File "D:\apps\academy-course-creator-app\backend\app\crud.py", line 35, in get_user_by_email
    session_user = session.exec(statement).first()
                   ^^^^^^^^^^^^^^^^^^^^^^^
  File "D:\apps\academy-course-creator-app\backend\.venv\Lib\site-packages\sqlmodel\orm\session.py", line 66, in exec
    results = super().execute(
              ^^^^^^^^^^^^^^^^
  File "D:\apps\academy-course-creator-app\backend\.venv\Lib\site-packages\sqlalchemy\orm\session.py", line 2362, in execute
    return self._execute_internal(
           ^^^^^^^^^^^^^^^^^^^^^^^
  File "D:\apps\academy-course-creator-app\backend\.venv\Lib\site-packages\sqlalchemy\orm\session.py", line 2247, in _execute_internal
    result: Result[Any] = compile_state_cls.orm_execute_statement(
                          ^^^^^^^^^^^^^^^^^^^^^^^^^^^^^^^^^^^^^^^^
  File "D:\apps\academy-course-creator-app\backend\.venv\Lib\site-packages\sqlalchemy\orm\context.py", line 305, in orm_execute_statement
    result = conn.execute(
             ^^^^^^^^^^^^^
  File "D:\apps\academy-course-creator-app\backend\.venv\Lib\site-packages\sqlalchemy\engine\base.py", line 1418, in execute
    return meth(
           ^^^^^
  File "D:\apps\academy-course-creator-app\backend\.venv\Lib\site-packages\sqlalchemy\sql\elements.py", line 515, in _execute_on_connection
    return connection._execute_clauseelement(
           ^^^^^^^^^^^^^^^^^^^^^^^^^^^^^^^^^^
  File "D:\apps\academy-course-creator-app\backend\.venv\Lib\site-packages\sqlalchemy\engine\base.py", line 1632, in _execute_clauseelement
    compiled_sql, extracted_params, cache_hit = elem._compile_w_cache(
                                                ^^^^^^^^^^^^^^^^^^^^^^
  File "D:\apps\academy-course-creator-app\backend\.venv\Lib\site-packages\sqlalchemy\sql\elements.py", line 703, in _compile_w_cache
    compiled_sql = self._compiler(
                   ^^^^^^^^^^^^^^^
  File "D:\apps\academy-course-creator-app\backend\.venv\Lib\site-packages\sqlalchemy\sql\elements.py", line 316, in _compiler
    return dialect.statement_compiler(dialect, self, **kw)
           ^^^^^^^^^^^^^^^^^^^^^^^^^^^^^^^^^^^^^^^^^^^^^^^
  File "D:\apps\academy-course-creator-app\backend\.venv\Lib\site-packages\sqlalchemy\sql\compiler.py", line 1429, in __init__
    Compiled.__init__(self, dialect, statement, **kwargs)
  File "D:\apps\academy-course-creator-app\backend\.venv\Lib\site-packages\sqlalchemy\sql\compiler.py", line 870, in __init__
    self.string = self.process(self.statement, **compile_kwargs)
                  ^^^^^^^^^^^^^^^^^^^^^^^^^^^^^^^^^^^^^^^^^^^^^^
  File "D:\apps\academy-course-creator-app\backend\.venv\Lib\site-packages\sqlalchemy\sql\compiler.py", line 915, in process
    return obj._compiler_dispatch(self, **kwargs)
           ^^^^^^^^^^^^^^^^^^^^^^^^^^^^^^^^^^^^^^
  File "D:\apps\academy-course-creator-app\backend\.venv\Lib\site-packages\sqlalchemy\sql\visitors.py", line 141, in _compiler_dispatch
    return meth(self, **kw)  # type: ignore  # noqa: E501
           ^^^^^^^^^^^^^^^^
  File "D:\apps\academy-course-creator-app\backend\.venv\Lib\site-packages\sqlalchemy\sql\compiler.py", line 4679, in visit_select
    compile_state = select_stmt._compile_state_factory(
                    ^^^^^^^^^^^^^^^^^^^^^^^^^^^^^^^^^^^
  File "D:\apps\academy-course-creator-app\backend\.venv\Lib\site-packages\sqlalchemy\sql\base.py", line 683, in create_for_statement
    return klass.create_for_statement(statement, compiler, **kw)
           ^^^^^^^^^^^^^^^^^^^^^^^^^^^^^^^^^^^^^^^^^^^^^^^^^^^^^
  File "D:\apps\academy-course-creator-app\backend\.venv\Lib\site-packages\sqlalchemy\orm\context.py", line 1110, in create_for_statement
    _QueryEntity.to_compile_state(
  File "D:\apps\academy-course-creator-app\backend\.venv\Lib\site-packages\sqlalchemy\orm\context.py", line 2565, in to_compile_state
    _MapperEntity(
  File "D:\apps\academy-course-creator-app\backend\.venv\Lib\site-packages\sqlalchemy\orm\context.py", line 2645, in __init__
    entity._post_inspect
  File "D:\apps\academy-course-creator-app\backend\.venv\Lib\site-packages\sqlalchemy\util\langhelpers.py", line 1253, in __get__
    obj.__dict__[self.__name__] = result = self.fget(obj)
                                           ^^^^^^^^^^^^^^
  File "D:\apps\academy-course-creator-app\backend\.venv\Lib\site-packages\sqlalchemy\orm\mapper.py", line 2711, in _post_inspect
    self._check_configure()
  File "D:\apps\academy-course-creator-app\backend\.venv\Lib\site-packages\sqlalchemy\orm\mapper.py", line 2388, in _check_configure
    _configure_registries({self.registry}, cascade=True)
  File "D:\apps\academy-course-creator-app\backend\.venv\Lib\site-packages\sqlalchemy\orm\mapper.py", line 4204, in _configure_registries
    _do_configure_registries(registries, cascade)
  File "D:\apps\academy-course-creator-app\backend\.venv\Lib\site-packages\sqlalchemy\orm\mapper.py", line 4245, in _do_configure_registries
    mapper._post_configure_properties()
  File "D:\apps\academy-course-creator-app\backend\.venv\Lib\site-packages\sqlalchemy\orm\mapper.py", line 2405, in _post_configure_properties
    prop.init()
  File "D:\apps\academy-course-creator-app\backend\.venv\Lib\site-packages\sqlalchemy\orm\interfaces.py", line 584, in init
    self.do_init()
  File "D:\apps\academy-course-creator-app\backend\.venv\Lib\site-packages\sqlalchemy\orm\relationships.py", line 1642, in do_init
    self._setup_entity()
  File "D:\apps\academy-course-creator-app\backend\.venv\Lib\site-packages\sqlalchemy\orm\relationships.py", line 1854, in _setup_entity
    self._clsregistry_resolve_name(argument)(),
    ^^^^^^^^^^^^^^^^^^^^^^^^^^^^^^^^^^^^^^^^^^
  File "D:\apps\academy-course-creator-app\backend\.venv\Lib\site-packages\sqlalchemy\orm\clsregistry.py", line 520, in _resolve_name
    self._raise_for_name(name, err)
  File "D:\apps\academy-course-creator-app\backend\.venv\Lib\site-packages\sqlalchemy\orm\clsregistry.py", line 501, in _raise_for_name
    raise exc.InvalidRequestError(
sqlalchemy.exc.InvalidRequestError: When initializing mapper Mapper[Module(module)], expression "'Course'" failed to locate a name ("'Course'"). If this is a class name, consider adding this relationship() to the <class 'app.models.Module'> class after both dependent classes have been defined.
Traceback (most recent call last):
  File "D:\apps\academy-course-creator-app\backend\.venv\Lib\site-packages\starlette\middleware\errors.py", line 165, in __call__
    await self.app(scope, receive, _send)
  File "D:\apps\academy-course-creator-app\backend\.venv\Lib\site-packages\starlette\middleware\cors.py", line 85, in __call__
    await self.app(scope, receive, send)
  File "D:\apps\academy-course-creator-app\backend\.venv\Lib\site-packages\starlette\middleware\exceptions.py", line 62, in __call__
    await wrap_app_handling_exceptions(self.app, conn)(scope, receive, send)
  File "D:\apps\academy-course-creator-app\backend\.venv\Lib\site-packages\starlette\_exception_handler.py", line 62, in wrapped_app
    raise exc
  File "D:\apps\academy-course-creator-app\backend\.venv\Lib\site-packages\starlette\_exception_handler.py", line 51, in wrapped_app
    await app(scope, receive, sender)
  File "D:\apps\academy-course-creator-app\backend\.venv\Lib\site-packages\starlette\routing.py", line 715, in __call__
    await self.middleware_stack(scope, receive, send)
  File "D:\apps\academy-course-creator-app\backend\.venv\Lib\site-packages\starlette\routing.py", line 735, in app
    await route.handle(scope, receive, send)
  File "D:\apps\academy-course-creator-app\backend\.venv\Lib\site-packages\starlette\routing.py", line 288, in handle
    await self.app(scope, receive, send)
  File "D:\apps\academy-course-creator-app\backend\.venv\Lib\site-packages\starlette\routing.py", line 76, in app
    await wrap_app_handling_exceptions(app, request)(scope, receive, send)
  File "D:\apps\academy-course-creator-app\backend\.venv\Lib\site-packages\starlette\_exception_handler.py", line 62, in wrapped_app
    raise exc
  File "D:\apps\academy-course-creator-app\backend\.venv\Lib\site-packages\starlette\_exception_handler.py", line 51, in wrapped_app
    await app(scope, receive, sender)
  File "D:\apps\academy-course-creator-app\backend\.venv\Lib\site-packages\starlette\routing.py", line 73, in app
    response = await f(request)
               ^^^^^^^^^^^^^^^^
  File "D:\apps\academy-course-creator-app\backend\.venv\Lib\site-packages\fastapi\routing.py", line 301, in app
    raw_response = await run_endpoint_function(
                   ^^^^^^^^^^^^^^^^^^^^^^^^^^^^
  File "D:\apps\academy-course-creator-app\backend\.venv\Lib\site-packages\fastapi\routing.py", line 214, in run_endpoint_function
    return await run_in_threadpool(dependant.call, **values)
           ^^^^^^^^^^^^^^^^^^^^^^^^^^^^^^^^^^^^^^^^^^^^^^^^^
  File "D:\apps\academy-course-creator-app\backend\.venv\Lib\site-packages\starlette\concurrency.py", line 39, in run_in_threadpool
    return await anyio.to_thread.run_sync(func, *args)
           ^^^^^^^^^^^^^^^^^^^^^^^^^^^^^^^^^^^^^^^^^^^
  File "D:\apps\academy-course-creator-app\backend\.venv\Lib\site-packages\anyio\to_thread.py", line 56, in run_sync
    return await get_async_backend().run_sync_in_worker_thread(
           ^^^^^^^^^^^^^^^^^^^^^^^^^^^^^^^^^^^^^^^^^^^^^^^^^^^^
  File "D:\apps\academy-course-creator-app\backend\.venv\Lib\site-packages\anyio\_backends\_asyncio.py", line 2405, in run_sync_in_worker_thread
    return await future
           ^^^^^^^^^^^^
  File "D:\apps\academy-course-creator-app\backend\.venv\Lib\site-packages\anyio\_backends\_asyncio.py", line 914, in run
    result = context.run(func, *args)
             ^^^^^^^^^^^^^^^^^^^^^^^^
  File "D:\apps\academy-course-creator-app\backend\app\api\routes\login.py", line 31, in login_access_token
    user = crud.authenticate(
           ^^^^^^^^^^^^^^^^^^
  File "D:\apps\academy-course-creator-app\backend\app\crud.py", line 40, in authenticate
    db_user = get_user_by_email(session=session, email=email)
              ^^^^^^^^^^^^^^^^^^^^^^^^^^^^^^^^^^^^^^^^^^^^^^^
  File "D:\apps\academy-course-creator-app\backend\app\crud.py", line 35, in get_user_by_email
    session_user = session.exec(statement).first()
                   ^^^^^^^^^^^^^^^^^^^^^^^
  File "D:\apps\academy-course-creator-app\backend\.venv\Lib\site-packages\sqlmodel\orm\session.py", line 66, in exec
    results = super().execute(
              ^^^^^^^^^^^^^^^^
  File "D:\apps\academy-course-creator-app\backend\.venv\Lib\site-packages\sqlalchemy\orm\session.py", line 2362, in execute
    return self._execute_internal(
           ^^^^^^^^^^^^^^^^^^^^^^^
  File "D:\apps\academy-course-creator-app\backend\.venv\Lib\site-packages\sqlalchemy\orm\session.py", line 2247, in _execute_internal
    result: Result[Any] = compile_state_cls.orm_execute_statement(
                          ^^^^^^^^^^^^^^^^^^^^^^^^^^^^^^^^^^^^^^^^
  File "D:\apps\academy-course-creator-app\backend\.venv\Lib\site-packages\sqlalchemy\orm\context.py", line 305, in orm_execute_statement
    result = conn.execute(
             ^^^^^^^^^^^^^
  File "D:\apps\academy-course-creator-app\backend\.venv\Lib\site-packages\sqlalchemy\engine\base.py", line 1418, in execute
    return meth(
           ^^^^^
  File "D:\apps\academy-course-creator-app\backend\.venv\Lib\site-packages\sqlalchemy\sql\elements.py", line 515, in _execute_on_connection
    return connection._execute_clauseelement(
           ^^^^^^^^^^^^^^^^^^^^^^^^^^^^^^^^^^
  File "D:\apps\academy-course-creator-app\backend\.venv\Lib\site-packages\sqlalchemy\engine\base.py", line 1632, in _execute_clauseelement
    compiled_sql, extracted_params, cache_hit = elem._compile_w_cache(
                                                ^^^^^^^^^^^^^^^^^^^^^^
  File "D:\apps\academy-course-creator-app\backend\.venv\Lib\site-packages\sqlalchemy\sql\elements.py", line 703, in _compile_w_cache
    compiled_sql = self._compiler(
                   ^^^^^^^^^^^^^^^
  File "D:\apps\academy-course-creator-app\backend\.venv\Lib\site-packages\sqlalchemy\sql\elements.py", line 316, in _compiler
    return dialect.statement_compiler(dialect, self, **kw)
           ^^^^^^^^^^^^^^^^^^^^^^^^^^^^^^^^^^^^^^^^^^^^^^^
  File "D:\apps\academy-course-creator-app\backend\.venv\Lib\site-packages\sqlalchemy\sql\compiler.py", line 1429, in __init__
    Compiled.__init__(self, dialect, statement, **kwargs)
  File "D:\apps\academy-course-creator-app\backend\.venv\Lib\site-packages\sqlalchemy\sql\compiler.py", line 870, in __init__
    self.string = self.process(self.statement, **compile_kwargs)
                  ^^^^^^^^^^^^^^^^^^^^^^^^^^^^^^^^^^^^^^^^^^^^^^
  File "D:\apps\academy-course-creator-app\backend\.venv\Lib\site-packages\sqlalchemy\sql\compiler.py", line 915, in process
    return obj._compiler_dispatch(self, **kwargs)
           ^^^^^^^^^^^^^^^^^^^^^^^^^^^^^^^^^^^^^^
  File "D:\apps\academy-course-creator-app\backend\.venv\Lib\site-packages\sqlalchemy\sql\visitors.py", line 141, in _compiler_dispatch
    return meth(self, **kw)  # type: ignore  # noqa: E501
           ^^^^^^^^^^^^^^^^
  File "D:\apps\academy-course-creator-app\backend\.venv\Lib\site-packages\sqlalchemy\sql\compiler.py", line 4679, in visit_select
    compile_state = select_stmt._compile_state_factory(
                    ^^^^^^^^^^^^^^^^^^^^^^^^^^^^^^^^^^^
  File "D:\apps\academy-course-creator-app\backend\.venv\Lib\site-packages\sqlalchemy\sql\base.py", line 683, in create_for_statement
    return klass.create_for_statement(statement, compiler, **kw)
           ^^^^^^^^^^^^^^^^^^^^^^^^^^^^^^^^^^^^^^^^^^^^^^^^^^^^^
  File "D:\apps\academy-course-creator-app\backend\.venv\Lib\site-packages\sqlalchemy\orm\context.py", line 1110, in create_for_statement
    _QueryEntity.to_compile_state(
  File "D:\apps\academy-course-creator-app\backend\.venv\Lib\site-packages\sqlalchemy\orm\context.py", line 2565, in to_compile_state
    _MapperEntity(
  File "D:\apps\academy-course-creator-app\backend\.venv\Lib\site-packages\sqlalchemy\orm\context.py", line 2645, in __init__
    entity._post_inspect
  File "D:\apps\academy-course-creator-app\backend\.venv\Lib\site-packages\sqlalchemy\util\langhelpers.py", line 1253, in __get__
    obj.__dict__[self.__name__] = result = self.fget(obj)
                                           ^^^^^^^^^^^^^^
  File "D:\apps\academy-course-creator-app\backend\.venv\Lib\site-packages\sqlalchemy\orm\mapper.py", line 2711, in _post_inspect
    self._check_configure()
  File "D:\apps\academy-course-creator-app\backend\.venv\Lib\site-packages\sqlalchemy\orm\mapper.py", line 2388, in _check_configure
    _configure_registries({self.registry}, cascade=True)
  File "D:\apps\academy-course-creator-app\backend\.venv\Lib\site-packages\sqlalchemy\orm\mapper.py", line 4204, in _configure_registries
    _do_configure_registries(registries, cascade)
  File "D:\apps\academy-course-creator-app\backend\.venv\Lib\site-packages\sqlalchemy\orm\mapper.py", line 4241, in _do_configure_registries
    raise e
sqlalchemy.exc.InvalidRequestError: One or more mappers failed to initialize - can't proceed with initialization of other mappers. Triggering mapper: 'Mapper[Module(module)]'. Original exception was: When initializing mapper Mapper[Module(module)], expression "'Course'" failed to locate a name ("'Course'"). If this is a class name, consider adding this relationship() to the <class 'app.models.Module'> class after both dependent classes have been defined.
